// Jest Snapshot v1, https://goo.gl/fbAQLP

exports[`<Home/> should render 1`] = `
"<Main className=\\"presentation\\">
  <Header>
    <Navigation>
      <NavigationItem id=\\"navigation-item-apps\\" target=\\"apps\\" offset={-94}>
        Apps
      </NavigationItem>
      <NavigationItem id=\\"navigation-item-about\\" target=\\"about\\" offset={-88}>
        About
      </NavigationItem>
      <NavigationItem id=\\"navigation-item-contact\\" target=\\"contact\\" offset={-94}>
        Contact
      </NavigationItem>
    </Navigation>
  </Header>
  <Parallax bgImage=\\"bg-6.webp\\" strength={500} bgClassName=\\"react-parallax-bgimage\\" bgImageAlt=\\"\\" className=\\"\\" contentClassName=\\"\\" disabled={false}>
    <ApplicatinCarousel>
      <ApplicationHero image=\\"letter_carousel.webp\\" title=\\"Letter\\" link=\\"/en/letter\\" appStoreLink=\\"http://itunes.apple.com/app/letter/id498506154\\" description=\\"With the Letter app you can now write your personal letters on the iPhone, iPad and iPod Touch too, when and where you want.\\" soon={false} />
    </ApplicatinCarousel>
    <ScrollButton target=\\"apps\\" />
  </Parallax>
  <Section id=\\"apps\\" title=\\"Apps\\" subtitle=\\"A couple of great apps for you!\\" dark={false}>
    <Application title=\\"Letter\\" teaser=\\"With the Letter app you can now write your personal letters on the iPhone, iPad and iPod Touch too, when and where you want.\\" link=\\"/en/letter\\" image=\\"letter_icon.svg\\" />
  </Section>
  <Parallax bgImage=\\"bg-5.webp\\" strength={500} bgClassName=\\"react-parallax-bgimage\\" bgImageAlt=\\"\\" className=\\"\\" contentClassName=\\"\\" disabled={false}>
    <Section id=\\"about\\" title=\\"About\\" subtitle=\\"I code great apps like a cowboy!\\" dark={true}>
      <About />
    </Section>
  </Parallax>
  <Section id=\\"contact\\" title=\\"Contact\\" subtitle=\\"Please contact me if you have any questions\\" dark={false}>
    <ContactForm />
  </Section>
</Main>"
`;
