// Jest Snapshot v1, https://goo.gl/fbAQLP

exports[`<Letter/> should render 1`] = `
"<Page className=\\"presentation\\">
  <Header>
    <Navigation>
      <NavigationItem id=\\"navigation-item-features\\" target=\\"features\\" offset={-94}>
        Features
      </NavigationItem>
      <NavigationItem id=\\"navigation-item-description\\" target=\\"description\\" offset={-88}>
        Description
      </NavigationItem>
      <NavigationItem id=\\"navigation-item-screenshots\\" target=\\"screenshots\\" offset={-94}>
        Screenshots
      </NavigationItem>
      <NavigationItem id=\\"navigation-item-contact\\" target=\\"contact\\" offset={-94}>
        Contact
      </NavigationItem>
    </Navigation>
  </Header>
  <Parallax bgImage=\\"/images/bg-7.webp\\" strength={500} bgClassName=\\"react-parallax-bgimage\\" bgImageAlt=\\"\\" className=\\"\\" contentClassName=\\"\\" disabled={false}>
    <ApplicatinCarousel>
      <ApplicationHero image=\\"/images/letter_carousel.webp\\" title=\\"Letter\\" appStoreLink=\\"http://itunes.apple.com/app/letter/id498506154\\" description=\\"With the Letter app you can now write your personal letters on the iPhone, iPad and iPod Touch too, when and where you want.\\" soon={false} link={[undefined]} />
    </ApplicatinCarousel>
    <ScrollButton target=\\"features\\" />
  </Parallax>
  <Section id=\\"features\\" title=\\"Features\\" subtitle=\\"Overview of all features\\" dark={false}>
    <Features>
      <FeatureGroup>
        <Feature title=\\"Printing & Sharing\\" description=\\"Letters can be printed (AirPrint), sent by email, and opened in other applications as PDF or image.\\" icon=\\"fa-print\\" />
        <Feature title=\\"Storage\\" description=\\"All letters are stored securely and synchronized between devices using iCloud.\\" icon=\\"fa-cloud\\" />
        <Feature title=\\"Search\\" description=\\"With the search function letters can be found again quickly and easily.\\" icon=\\"fa-search\\" />
      </FeatureGroup>
      <FeatureImage src=\\"/images/letter_features.webp\\" width={280} alt=\\"Features\\" height={[undefined]} />
      <FeatureGroup>
        <Feature title=\\"Addresses\\" description=\\"International addresses are formatted automatically. Senders and receivers can easily be selected from your address book.\\" icon=\\"fa-user\\" right={true} />
        <Feature title=\\"Signature\\" description=\\"Letters can be signed directly in the application.\\" icon=\\"fa-pencil\\" right={true} />
        <Feature title=\\"Templates\\" description=\\"Text templates can be used to create ready letter in just a few seconds.\\" icon=\\"fa-file-alt\\" right={true} />
      </FeatureGroup>
    </Features>
  </Section>
  <Section id=\\"description\\" title=\\"Description\\" subtitle=\\"The Letter App in detail\\" dark={false}>
    <p>
      With the Letter app you can now write your personal letters on the iPhone, iPad and iPod Touch too, when and where you want.
    </p>
    <p>
      Your letters are stored and synchronized between devices using iCloud. They can be freely printed via AirPrint, sent by email and opened in other iOS applications in PDF format. The integrated search also makes finding things a breeze in many documents.
    </p>
    <p>
      The lean design is focused on the essentials to make creating the contents of your letter fast and uncomplicated. From now on tedious formatting is a thing of the past.
    </p>
    <p>
      Senders and receivers can easily be selected from your address book. International addresses are formatted automatically according to the applicable standard.
    </p>
    <p>
      With your own text templates you can create ready letters in just a few seconds.
    </p>
  </Section>
  <Section id=\\"screenshots\\" title=\\"Screenshots\\" subtitle=\\"The main screens of the Letter App\\" dark={false}>
    <Screenshots ipadImages={{...}} iphoneImages={{...}} />
  </Section>
  <Section id=\\"contact\\" title=\\"Contact\\" subtitle=\\"Please contact me if you have any questions\\" dark={false}>
    <ContactForm />
  </Section>
  <Footer />
</Page>"
`;
