// Jest Snapshot v1, https://goo.gl/fbAQLP

exports[`<About/> should render 1`] = `
"<div className=\\"about\\">
  <h4>
    David Übelacker
  </h4>
  <div className=\\"about-wrapper\\">
    <div className=\\"about-teaser\\">
      <p>
        I am a passionate software engineer working for a Swiss company.
      </p>
      <p>
        From time to time i work on some nice projects in my free time, which i publish on this site.
      </p>
    </div>
    <div className=\\"about-image\\">
      <Image alt=\\"Photo of David Übelacker\\" src=\\"david.webp\\" width={100} height={100} />
    </div>
  </div>
</div>"
`;
