// Jest Snapshot v1, https://goo.gl/fbAQLP

exports[`<ApplicationHero/> should render 1`] = `
"<Container className=\\"application-hero-container\\" tag=\\"div\\">
  <Row tag=\\"div\\" widths={{...}}>
    <Col sm=\\"12\\" md=\\"6\\" tag=\\"div\\" widths={{...}}>
      <div className=\\"application-hero-image\\">
        <img src={[undefined]} className=\\"img-fluid\\" />
      </div>
    </Col>
    <Col tag=\\"div\\" widths={{...}}>
      <div className=\\"application-hero-teaser\\">
        <h2 />
        <p />
        <a href={[undefined]}>
          <img src=\\"app_store_button.svg\\" />
        </a>
      </div>
    </Col>
  </Row>
</Container>"
`;
