// Jest Snapshot v1, https://goo.gl/fbAQLP

exports[`<FeatureImage/> should render 1`] = `
"<div className=\\"feature-image\\">
  <Image src=\\"http://example.com/test.webp\\" alt=\\"Lorem Ipsum\\" height={[undefined]} width={[undefined]} placeholderSrc={[undefined]} visibleByDefault={false} />
</div>"
`;
