// Jest Snapshot v1, https://goo.gl/fbAQLP

exports[`<Feature/> should render left 1`] = `
"<Fragment>
  <h4>
    Title
  </h4>
  <p>
    Description
  </p>
  <i className=\\"fal fa-print\\" aria-hidden=\\"true\\" />
</Fragment>"
`;

exports[`<Feature/> should render right 1`] = `
"<Fragment>
  <h4>
    Title
  </h4>
  <p>
    Description
  </p>
  <i className=\\"fal fa-print\\" aria-hidden=\\"true\\" />
</Fragment>"
`;
