// Jest Snapshot v1, https://goo.gl/fbAQLP

exports[`<Feature/> should render left 1`] = `
"<div className=\\"feature\\">
  <div className=\\"feature-wrapper\\">
    <h4>
      Title
    </h4>
    <p>
      Description
    </p>
  </div>
  <div className=\\"feature-icon\\">
    <i className=\\"fal fa-print\\" aria-hidden=\\"true\\" />
  </div>
</div>"
`;

exports[`<Feature/> should render right 1`] = `
"<div className=\\"feature\\">
  <div className=\\"feature-wrapper\\">
    <h4>
      Title
    </h4>
    <p>
      Description
    </p>
  </div>
  <div className=\\"feature-icon\\">
    <i className=\\"fal fa-print\\" aria-hidden=\\"true\\" />
  </div>
</div>"
`;
