// Jest Snapshot v1, https://goo.gl/fbAQLP

exports[`<Footer/> should render 1`] = `
"<div>
  <div className=\\"footer\\">
    ©
    2050
     
    David Übelacker,
    all rights reserved.
      |
    <a href=\\"/en/imprint\\">
      Imprint
    </a>
      |
    <a href=\\"/en/privacy\\">
      Privacy Policy
    </a>
    <br />
    <a href=\\"/en\\">
      English
    </a>
     
    |
    <a href=\\"/de\\">
      Deutsch
    </a>
  </div>
  <Parallax bgImage=\\"bg-7.jpg\\" strength={500} bgClassName=\\"react-parallax-bgimage\\" bgImageAlt=\\"\\" className=\\"\\" contentClassName=\\"\\" disabled={false}>
    <Section dark={true} id={[undefined]} zebra={false} title={[undefined]} subtitle={[undefined]} teaser={[undefined]} big={false}>
      <div className=\\"footer-quote\\">
        <i className=\\"fas fa-angle-double-left\\" aria-hidden=\\"true\\" />
         What one programmer can do in one month, two programmers can do in two months. 
        <i className=\\"fas fa-angle-double-right\\" aria-hidden=\\"true\\" />
        <br />
        - Fred Brooks
      </div>
    </Section>
  </Parallax>
</div>"
`;
