// Jest Snapshot v1, https://goo.gl/fbAQLP

exports[`<Section/> should render 1`] = `
"<section className=\\"section-light\\">
  <Element name={[undefined]} duration={500} smooth=\\"true\\" isDynamic={true}>
    <Container>
      <div className=\\"section-title-wrapper\\" />
    </Container>
  </Element>
</section>"
`;
