// Jest Snapshot v1, https://goo.gl/fbAQLP

exports[`routes should not prevent key events 1`] = `
"<ContextProvider value={{...}}>
  <Component reCaptchaKey=\\"6LcBmfgdAAAAAFn4U1zxAvIvx5u_3QMyt6nxG3vU\\">
    <CookieConsent />
    <Routes>
      <Route path=\\"/de/impressum\\" element={{...}} />
      <Route path=\\"/de/datenschutz\\" element={{...}} />
      <Route path=\\"/de/briefe\\" element={{...}} />
      <Route path=\\"/de\\" element={{...}} />
      <Route path=\\"/en/imprint\\" element={{...}} />
      <Route path=\\"/en/privacy\\" element={{...}} />
      <Route path=\\"/en/letter\\" element={{...}} />
      <Route path=\\"/en\\" element={{...}} />
      <Route element={{...}} />
    </Routes>
    <Footer />
  </Component>
</ContextProvider>"
`;

exports[`routes should prevent some key events 1`] = `
"<ContextProvider value={{...}}>
  <Component reCaptchaKey=\\"6LcBmfgdAAAAAFn4U1zxAvIvx5u_3QMyt6nxG3vU\\">
    <CookieConsent />
    <Routes>
      <Route path=\\"/de/impressum\\" element={{...}} />
      <Route path=\\"/de/datenschutz\\" element={{...}} />
      <Route path=\\"/de/briefe\\" element={{...}} />
      <Route path=\\"/de\\" element={{...}} />
      <Route path=\\"/en/imprint\\" element={{...}} />
      <Route path=\\"/en/privacy\\" element={{...}} />
      <Route path=\\"/en/letter\\" element={{...}} />
      <Route path=\\"/en\\" element={{...}} />
      <Route element={{...}} />
    </Routes>
    <Footer />
  </Component>
</ContextProvider>"
`;

exports[`routes should render 1`] = `
"<ContextProvider value={{...}}>
  <Component reCaptchaKey=\\"6LcBmfgdAAAAAFn4U1zxAvIvx5u_3QMyt6nxG3vU\\">
    <CookieConsent />
    <Routes>
      <Route path=\\"/de/impressum\\" element={{...}} />
      <Route path=\\"/de/datenschutz\\" element={{...}} />
      <Route path=\\"/de/briefe\\" element={{...}} />
      <Route path=\\"/de\\" element={{...}} />
      <Route path=\\"/en/imprint\\" element={{...}} />
      <Route path=\\"/en/privacy\\" element={{...}} />
      <Route path=\\"/en/letter\\" element={{...}} />
      <Route path=\\"/en\\" element={{...}} />
      <Route element={{...}} />
    </Routes>
    <Footer />
  </Component>
</ContextProvider>"
`;
